│ cn:root
│ 2022-12-24 07:15:42Z .. 2042-12-19 07:15:42Z
│ (stdin):6
└──┬─────────────────────────────────────────────────────────────────
   ├──┤ cn:level1-a
   │  │ 2022-12-24 07:15:42Z .. 2042-12-19 07:15:42Z
   │  │ (stdin):0
   │  └──┬─────────────────────────────────────────────────────────────────
   │     ├──┤ cn:level2-a
   │     │  │ 2022-12-24 07:15:42Z .. 2042-12-19 07:15:42Z
   │     │  │ (stdin):2
   │     │  └────────────────────────────────────────────────────────────────────
   │     └──┤ cn:level2-b
   │        │ 2022-12-24 07:15:42Z .. 2042-12-19 07:15:42Z
   │        │ (stdin):3
   │        └──┬─────────────────────────────────────────────────────────────────
   │           └──┤ cn:level3-a
   │              │ 2022-12-24 07:15:42Z .. 2042-12-19 07:15:42Z
   │              │ (stdin):5
   │              └────────────────────────────────────────────────────────────────────
   └──┤ cn:level1-b
      │ 2022-12-24 07:15:42Z .. 2042-12-19 07:15:42Z
      │ (stdin):1
      └──┬─────────────────────────────────────────────────────────────────
         └──┤ cn:level2-c
            │ 2022-12-24 07:15:42Z .. 2042-12-19 07:15:42Z
            │ (stdin):4
            └────────────────────────────────────────────────────────────────────
