Error: Claimed child (stdin):0 not verified by authority certificate (stdin):1
│ cn:level1-a, o:abcdefxx
│ 2022-12-24 07:15:42Z .. 2042-12-19 07:15:42Z
│ (stdin):0
└────────────────────────────────────────────────────────────────────
│ cn:root
│ 2022-12-24 07:15:42Z .. 2042-12-19 07:15:42Z
│ (stdin):1
└────────────────────────────────────────────────────────────────────
